// Jest Snapshot v1, https://goo.gl/fbAQLP

exports[`FetchErrorAlert Snapshots snapshot:  is ErrorAlert with Message error (ErrorAlert) 1`] = `
<ErrorAlert
  dismissError={null}
  hideHeading={false}
  isError={true}
>
  <FormattedMessage />
</ErrorAlert>
`;
