// Jest Snapshot v1, https://goo.gl/fbAQLP

exports[`GroupFeedbackRow snapshot snapshot: renders hints row 1`] = `
<div
  className="mb-4"
>
  <ActionRow
    className="mb-2"
  >
    <Form.Control
      onChange={[MockFunction handleFeedbackChange]}
      value="sOmE FeEDBACK"
    />
    <div
      className="d-flex flex-row flex-nowrap"
    >
      <IconButton
        alt="Delete answer"
        iconAs="Icon"
        onClick={[MockFunction handleDelete]}
        variant="primary"
      />
    </div>
  </ActionRow>
  <Component
    onChange={[MockFunction handleAnswersSelectedChange]}
    value={
      Array [
        "A",
        "C",
      ]
    }
  >
    <Row
      className="mx-0"
    >
      <Form.Checkbox
        checked={-1}
        className="mr-4 mt-1"
        isValid={false}
      >
        <div
          className="x-small"
        />
      </Form.Checkbox>
      <Form.Checkbox
        checked={-1}
        className="mr-4 mt-1"
        isValid={false}
      >
        <div
          className="x-small"
        />
      </Form.Checkbox>
      <Form.Checkbox
        checked={-1}
        className="mr-4 mt-1"
        isValid={false}
      >
        <div
          className="x-small"
        />
      </Form.Checkbox>
      <Form.Checkbox
        checked={-1}
        className="mr-4 mt-1"
        isValid={false}
      >
        <div
          className="x-small"
        />
      </Form.Checkbox>
    </Row>
  </Component>
</div>
`;
